0x1, 0x13, 0x12
0xFFFFFFEE, 0xFFFFFFFC
0x110, 0x8, 0x110
