e quick brown ~~Th~~ ov~~fox jumped
quick~~The~~fox~~brown
