69 45 105 E
45 2d 55 -
69 45 105 E
45 2d 55 -

45 2d 55 -
-45 ffffffd3 37777777723 Ó

-45 ffffffd3 37777777723 Ó
-45 ffffffd3 37777777723 Ó
45 2d 55 -
69 45 105
69 45 105
45 2d 55
